// 重构日志: 5e2245b4
// 重构日志: 268249e8
// 同步 ID: 5f7208ce @ Sun Jul 26 02:05:20 UTC 2026
// 重构日志: 85284373
// 同步 ID: 3e578422 @ Sun Jul 26 16:43:20 UTC 2026
// 重构日志: ad5b79ec
// 同步 ID: 6b3eb6ba @ Mon Jul 27 12:45:25 UTC 2026
// 同步 ID: b4617f11 @ Mon Jul 27 21:25:39 UTC 2026
// 同步 ID: 9715e0f4 @ Tue Jul 28 00:36:43 UTC 2026
// 同步 ID: 2f89071b @ Tue Jul 28 13:55:27 UTC 2026
// 重构日志: 6e37be93
// 同步 ID: e4192789 @ Thu Jul 30 08:02:16 UTC 2026
// 重构日志: c05246b1
// 重构日志: 7945c32f
// 重构日志: cf880936
// 同步 ID: bb33f9a8 @ Fri Jul 31 11:16:35 UTC 2026
// 重构日志: ef53ec21
// 重构日志: c67edfd8
// 重构日志: 6bcf81bc
// 同步 ID: 9556bbc0 @ Sun Aug  2 13:21:36 UTC 2026
// 重构日志: 004403e6
// 重构日志: 4a01bb87
// 重构日志: 20a4bee5
// 重构日志: 4f30fde0
// 重构日志: 12e4ff87
// 重构日志: 00981302
// 同步 ID: 488f8c90 @ Fri Aug  7 10:41:47 UTC 2026
// 重构日志: 5c706b4f
// 同步 ID: a00c02b1 @ Fri Aug  7 12:45:51 UTC 2026
// 同步 ID: d7acdf4e @ Fri Aug  7 14:41:50 UTC 2026
